// Jest Snapshot v1, https://goo.gl/fbAQLP

exports[`WizardForm component snapshot 1`] = `
ShallowWrapper {
  "length": 1,
  Symbol(enzyme.__root__): [Circular],
  Symbol(enzyme.__unrendered__): <WizardFormComponent
    data={Object {}}
    isLoaded={true}
    isWizardComplete={false}
    onWizardComplete={[Function]}
    onWizardOptionsLoad={[Function]}
    reduxFormOptions={
      Object {
        "form": "formTest",
      }
    }
    wizardReset={[Function]}
  >
    <p>
       Test 
    </p>
  </WizardFormComponent>,
  Symbol(enzyme.__renderer__): Object {
    "batchedUpdates": [Function],
    "getNode": [Function],
    "render": [Function],
    "simulateEvent": [Function],
    "unmount": [Function],
  },
  Symbol(enzyme.__node__): Object {
    "instance": null,
    "key": undefined,
    "nodeType": "class",
    "props": Object {
      "children": <p>
         Test 
      </p>,
    },
    "ref": null,
    "rendered": Object {
      "instance": null,
      "key": undefined,
      "nodeType": "host",
      "props": Object {
        "children": " Test ",
      },
      "ref": null,
      "rendered": " Test ",
      "type": "p",
    },
    "type": [Function],
  },
  Symbol(enzyme.__nodes__): Array [
    Object {
      "instance": null,
      "key": undefined,
      "nodeType": "class",
      "props": Object {
        "children": <p>
           Test 
        </p>,
      },
      "ref": null,
      "rendered": Object {
        "instance": null,
        "key": undefined,
        "nodeType": "host",
        "props": Object {
          "children": " Test ",
        },
        "ref": null,
        "rendered": " Test ",
        "type": "p",
      },
      "type": [Function],
    },
  ],
  Symbol(enzyme.__options__): Object {
    "adapter": ReactSixteenAdapter {
      "options": Object {
        "enableComponentDidUpdateOnSetState": true,
      },
    },
  },
}
`;
